V3 3
FL C:/arxitektonikh1/HRY415-project-1/code/Issue_unit.vhd 2018/11/08.17:59:50 O.87xd
EN work/Issue_unit 1541692796 \
      FL C:/arxitektonikh1/HRY415-project-1/code/Issue_unit.vhd \
      PB ieee/std_logic_1164 1325952872
AR work/Issue_unit/Behavioral 1541692797 \
      FL C:/arxitektonikh1/HRY415-project-1/code/Issue_unit.vhd \
      EN work/Issue_unit 1541692796
