--------------------------------------------------------------------------------
Release 13.4 Trace  (nt64)
Copyright (c) 1995-2011 Xilinx, Inc.  All rights reserved.

E:\Xilinx\ISE_DS\ISE\bin\nt64\unwrapped\trce.exe -intstyle ise -v 3 -s 5 -n 3
-fastpaths -xml FU_arithmetic.twx FU_arithmetic.ncd -o FU_arithmetic.twr
FU_arithmetic.pcf

Design file:              FU_arithmetic.ncd
Physical constraint file: FU_arithmetic.pcf
Device,package,speed:     xc3s1600e,fg320,-5 (PRODUCTION 1.27 2012-01-07)
Report level:             verbose report

Environment Variable      Effect 
--------------------      ------ 
NONE                      No environment variables were set
--------------------------------------------------------------------------------

INFO:Timing:2698 - No timing constraints found, doing default enumeration.
INFO:Timing:3412 - To improve timing, see the Timing Closure User Guide (UG612).
INFO:Timing:2752 - To get complete path coverage, use the unconstrained paths 
   option. All paths that are not constrained will be reported in the 
   unconstrained paths section(s) of the report.
INFO:Timing:3339 - The clock-to-out numbers in this timing report are based on 
   a 50 Ohm transmission line loading model.  For the details of this model, 
   and for more information on accounting for different loading conditions, 
   please see the device datasheet.
INFO:Timing:3390 - This architecture does not support a default System Jitter 
   value, please add SYSTEM_JITTER constraint to the UCF to modify the Clock 
   Uncertainty calculation.
INFO:Timing:3389 - This architecture does not support 'Discrete Jitter' and 
   'Phase Error' calculations, these terms will be zero in the Clock 
   Uncertainty calculation.  Please make appropriate modification to 
   SYSTEM_JITTER to account for the unsupported Discrete Jitter and Phase 
   Error.



Data Sheet report:
-----------------
All values displayed in nanoseconds (ns)

Setup/Hold to clock Clk
-------------+------------+------------+------------------+--------+
             |Max Setup to|Max Hold to |                  | Clock  |
Source       | clk (edge) | clk (edge) |Internal Clock(s) | Phase  |
-------------+------------+------------+------------------+--------+
grant        |    5.510(R)|   -0.934(R)|Clk_BUFGP         |   0.000|
op<0>        |    2.375(R)|   -0.686(R)|Clk_BUFGP         |   0.000|
op<1>        |    2.837(R)|   -1.055(R)|Clk_BUFGP         |   0.000|
tag<0>       |    1.503(R)|   -0.003(R)|Clk_BUFGP         |   0.000|
tag<1>       |    2.402(R)|   -0.718(R)|Clk_BUFGP         |   0.000|
tag<2>       |    2.065(R)|   -0.454(R)|Clk_BUFGP         |   0.000|
tag<3>       |    2.301(R)|   -0.641(R)|Clk_BUFGP         |   0.000|
tag<4>       |    2.208(R)|   -0.574(R)|Clk_BUFGP         |   0.000|
value_in1<0> |    2.350(R)|   -0.662(R)|Clk_BUFGP         |   0.000|
value_in1<1> |    2.059(R)|   -0.472(R)|Clk_BUFGP         |   0.000|
value_in1<2> |    1.835(R)|   -0.293(R)|Clk_BUFGP         |   0.000|
value_in1<3> |    1.270(R)|    0.160(R)|Clk_BUFGP         |   0.000|
value_in1<4> |    1.000(R)|    0.378(R)|Clk_BUFGP         |   0.000|
value_in1<5> |    1.090(R)|    0.340(R)|Clk_BUFGP         |   0.000|
value_in1<6> |    0.639(R)|    0.707(R)|Clk_BUFGP         |   0.000|
value_in1<7> |    0.966(R)|    0.443(R)|Clk_BUFGP         |   0.000|
value_in1<8> |    0.865(R)|    0.522(R)|Clk_BUFGP         |   0.000|
value_in1<9> |    0.640(R)|    0.695(R)|Clk_BUFGP         |   0.000|
value_in1<10>|    0.325(R)|    0.914(R)|Clk_BUFGP         |   0.000|
value_in1<11>|    0.651(R)|    0.698(R)|Clk_BUFGP         |   0.000|
value_in1<12>|    0.103(R)|    1.092(R)|Clk_BUFGP         |   0.000|
value_in1<13>|    0.298(R)|    0.940(R)|Clk_BUFGP         |   0.000|
value_in1<14>|    0.451(R)|    0.858(R)|Clk_BUFGP         |   0.000|
value_in1<15>|    0.124(R)|    1.077(R)|Clk_BUFGP         |   0.000|
value_in1<16>|    0.315(R)|    0.959(R)|Clk_BUFGP         |   0.000|
value_in1<17>|    0.330(R)|    0.914(R)|Clk_BUFGP         |   0.000|
value_in1<18>|    0.255(R)|    1.014(R)|Clk_BUFGP         |   0.000|
value_in1<19>|    0.520(R)|    0.802(R)|Clk_BUFGP         |   0.000|
value_in1<20>|   -0.222(R)|    1.395(R)|Clk_BUFGP         |   0.000|
value_in1<21>|   -0.241(R)|    1.410(R)|Clk_BUFGP         |   0.000|
value_in1<22>|   -0.020(R)|    1.231(R)|Clk_BUFGP         |   0.000|
value_in1<23>|    0.265(R)|    0.998(R)|Clk_BUFGP         |   0.000|
value_in1<24>|    0.007(R)|    1.215(R)|Clk_BUFGP         |   0.000|
value_in1<25>|    0.525(R)|    0.794(R)|Clk_BUFGP         |   0.000|
value_in1<26>|    0.325(R)|    0.954(R)|Clk_BUFGP         |   0.000|
value_in1<27>|    0.264(R)|    1.003(R)|Clk_BUFGP         |   0.000|
value_in1<28>|    0.476(R)|    0.833(R)|Clk_BUFGP         |   0.000|
value_in1<29>|    0.552(R)|    0.772(R)|Clk_BUFGP         |   0.000|
value_in1<30>|    0.505(R)|    0.807(R)|Clk_BUFGP         |   0.000|
value_in1<31>|    0.489(R)|    0.822(R)|Clk_BUFGP         |   0.000|
value_in2<0> |    0.863(R)|    0.528(R)|Clk_BUFGP         |   0.000|
value_in2<1> |    0.828(R)|    0.553(R)|Clk_BUFGP         |   0.000|
value_in2<2> |    1.046(R)|    0.382(R)|Clk_BUFGP         |   0.000|
value_in2<3> |    0.959(R)|    0.451(R)|Clk_BUFGP         |   0.000|
value_in2<4> |    0.783(R)|    0.592(R)|Clk_BUFGP         |   0.000|
value_in2<5> |    0.792(R)|    0.585(R)|Clk_BUFGP         |   0.000|
value_in2<6> |    1.345(R)|    0.141(R)|Clk_BUFGP         |   0.000|
value_in2<7> |    0.507(R)|    0.806(R)|Clk_BUFGP         |   0.000|
value_in2<8> |    0.552(R)|    0.776(R)|Clk_BUFGP         |   0.000|
value_in2<9> |    0.739(R)|    0.616(R)|Clk_BUFGP         |   0.000|
value_in2<10>|    0.511(R)|    0.798(R)|Clk_BUFGP         |   0.000|
value_in2<11>|    0.745(R)|    0.607(R)|Clk_BUFGP         |   0.000|
value_in2<12>|    0.547(R)|    0.766(R)|Clk_BUFGP         |   0.000|
value_in2<13>|    0.529(R)|    0.776(R)|Clk_BUFGP         |   0.000|
value_in2<14>|    0.861(R)|    0.515(R)|Clk_BUFGP         |   0.000|
value_in2<15>|    1.505(R)|   -0.006(R)|Clk_BUFGP         |   0.000|
value_in2<16>|    0.865(R)|    0.505(R)|Clk_BUFGP         |   0.000|
value_in2<17>|    1.365(R)|    0.109(R)|Clk_BUFGP         |   0.000|
value_in2<18>|    1.133(R)|    0.292(R)|Clk_BUFGP         |   0.000|
value_in2<19>|    1.362(R)|    0.114(R)|Clk_BUFGP         |   0.000|
value_in2<20>|    1.419(R)|    0.066(R)|Clk_BUFGP         |   0.000|
value_in2<21>|    1.139(R)|    0.292(R)|Clk_BUFGP         |   0.000|
value_in2<22>|    1.144(R)|    0.288(R)|Clk_BUFGP         |   0.000|
value_in2<23>|    0.892(R)|    0.488(R)|Clk_BUFGP         |   0.000|
value_in2<24>|    0.891(R)|    0.494(R)|Clk_BUFGP         |   0.000|
value_in2<25>|    1.350(R)|    0.115(R)|Clk_BUFGP         |   0.000|
value_in2<26>|    1.358(R)|    0.106(R)|Clk_BUFGP         |   0.000|
value_in2<27>|    1.812(R)|   -0.257(R)|Clk_BUFGP         |   0.000|
value_in2<28>|    1.515(R)|   -0.015(R)|Clk_BUFGP         |   0.000|
value_in2<29>|    1.879(R)|   -0.310(R)|Clk_BUFGP         |   0.000|
value_in2<30>|    0.860(R)|    0.505(R)|Clk_BUFGP         |   0.000|
value_in2<31>|    1.500(R)|   -0.003(R)|Clk_BUFGP         |   0.000|
-------------+------------+------------+------------------+--------+

Clock Clk to Pad
-------------+------------+------------------+--------+
             | clk (edge) |                  | Clock  |
Destination  |   to PAD   |Internal Clock(s) | Phase  |
-------------+------------+------------------+--------+
Q<0>         |    7.379(R)|Clk_BUFGP         |   0.000|
Q<1>         |    7.109(R)|Clk_BUFGP         |   0.000|
Q<2>         |    7.261(R)|Clk_BUFGP         |   0.000|
Q<3>         |    7.530(R)|Clk_BUFGP         |   0.000|
Q<4>         |    7.472(R)|Clk_BUFGP         |   0.000|
ready        |   12.659(R)|Clk_BUFGP         |   0.000|
request      |   12.741(R)|Clk_BUFGP         |   0.000|
value_out<0> |    7.463(R)|Clk_BUFGP         |   0.000|
value_out<1> |    7.873(R)|Clk_BUFGP         |   0.000|
value_out<2> |    8.021(R)|Clk_BUFGP         |   0.000|
value_out<3> |    8.072(R)|Clk_BUFGP         |   0.000|
value_out<4> |    8.308(R)|Clk_BUFGP         |   0.000|
value_out<5> |    7.687(R)|Clk_BUFGP         |   0.000|
value_out<6> |    8.067(R)|Clk_BUFGP         |   0.000|
value_out<7> |    7.980(R)|Clk_BUFGP         |   0.000|
value_out<8> |    7.678(R)|Clk_BUFGP         |   0.000|
value_out<9> |    6.949(R)|Clk_BUFGP         |   0.000|
value_out<10>|    7.411(R)|Clk_BUFGP         |   0.000|
value_out<11>|    7.512(R)|Clk_BUFGP         |   0.000|
value_out<12>|    6.945(R)|Clk_BUFGP         |   0.000|
value_out<13>|    7.177(R)|Clk_BUFGP         |   0.000|
value_out<14>|    8.110(R)|Clk_BUFGP         |   0.000|
value_out<15>|    7.495(R)|Clk_BUFGP         |   0.000|
value_out<16>|    7.633(R)|Clk_BUFGP         |   0.000|
value_out<17>|    7.478(R)|Clk_BUFGP         |   0.000|
value_out<18>|    7.353(R)|Clk_BUFGP         |   0.000|
value_out<19>|    7.211(R)|Clk_BUFGP         |   0.000|
value_out<20>|    7.354(R)|Clk_BUFGP         |   0.000|
value_out<21>|    7.422(R)|Clk_BUFGP         |   0.000|
value_out<22>|    7.232(R)|Clk_BUFGP         |   0.000|
value_out<23>|    7.133(R)|Clk_BUFGP         |   0.000|
value_out<24>|    7.231(R)|Clk_BUFGP         |   0.000|
value_out<25>|    7.179(R)|Clk_BUFGP         |   0.000|
value_out<26>|    7.190(R)|Clk_BUFGP         |   0.000|
value_out<27>|    7.173(R)|Clk_BUFGP         |   0.000|
value_out<28>|    7.129(R)|Clk_BUFGP         |   0.000|
value_out<29>|    6.651(R)|Clk_BUFGP         |   0.000|
value_out<30>|    6.707(R)|Clk_BUFGP         |   0.000|
value_out<31>|    6.944(R)|Clk_BUFGP         |   0.000|
-------------+------------+------------------+--------+

Clock to Setup on destination clock Clk
---------------+---------+---------+---------+---------+
               | Src:Rise| Src:Fall| Src:Rise| Src:Fall|
Source Clock   |Dest:Rise|Dest:Rise|Dest:Fall|Dest:Fall|
---------------+---------+---------+---------+---------+
Clk            |    5.907|         |         |         |
---------------+---------+---------+---------+---------+

Pad to Pad
---------------+---------------+---------+
Source Pad     |Destination Pad|  Delay  |
---------------+---------------+---------+
grant          |ready          |   11.638|
grant          |request        |    8.712|
---------------+---------------+---------+


Analysis completed Wed Oct 24 19:08:58 2018 
--------------------------------------------------------------------------------

Trace Settings:
-------------------------
Trace Settings 

Peak Memory Usage: 196 MB



