Release 13.4 - xst O.87xd (nt64)
Copyright (c) 1995-2011 Xilinx, Inc.  All rights reserved.
--> Parameter TMPDIR set to xst/projnav.tmp


Total REAL time to Xst completion: 0.00 secs
Total CPU time to Xst completion: 0.11 secs
 
--> Parameter xsthdpdir set to xst


Total REAL time to Xst completion: 0.00 secs
Total CPU time to Xst completion: 0.11 secs
 
--> Reading design: RS_reg_line.prj

TABLE OF CONTENTS
  1) Synthesis Options Summary
  2) HDL Compilation
  3) Design Hierarchy Analysis
  4) HDL Analysis
  5) HDL Synthesis
     5.1) HDL Synthesis Report
  6) Advanced HDL Synthesis
     6.1) Advanced HDL Synthesis Report
  7) Low Level Synthesis
  8) Partition Report
  9) Final Report
	9.1) Device utilization summary
	9.2) Partition Resource Summary
	9.3) TIMING REPORT


=========================================================================
*                      Synthesis Options Summary                        *
=========================================================================
---- Source Parameters
Input File Name                    : "RS_reg_line.prj"
Input Format                       : mixed
Ignore Synthesis Constraint File   : NO

---- Target Parameters
Output File Name                   : "RS_reg_line"
Output Format                      : NGC
Target Device                      : xc3s1600e-5-fg320

---- Source Options
Top Module Name                    : RS_reg_line
Automatic FSM Extraction           : YES
FSM Encoding Algorithm             : Auto
Safe Implementation                : No
FSM Style                          : LUT
RAM Extraction                     : Yes
RAM Style                          : Auto
ROM Extraction                     : Yes
Mux Style                          : Auto
Decoder Extraction                 : YES
Priority Encoder Extraction        : Yes
Shift Register Extraction          : YES
Logical Shifter Extraction         : YES
XOR Collapsing                     : YES
ROM Style                          : Auto
Mux Extraction                     : Yes
Resource Sharing                   : YES
Asynchronous To Synchronous        : NO
Multiplier Style                   : Auto
Automatic Register Balancing       : No

---- Target Options
Add IO Buffers                     : YES
Global Maximum Fanout              : 100000
Add Generic Clock Buffer(BUFG)     : 24
Register Duplication               : YES
Slice Packing                      : YES
Optimize Instantiated Primitives   : NO
Use Clock Enable                   : Yes
Use Synchronous Set                : Yes
Use Synchronous Reset              : Yes
Pack IO Registers into IOBs        : Auto
Equivalent register Removal        : YES

---- General Options
Optimization Goal                  : Speed
Optimization Effort                : 1
Keep Hierarchy                     : No
Netlist Hierarchy                  : As_Optimized
RTL Output                         : Yes
Global Optimization                : AllClockNets
Read Cores                         : YES
Write Timing Constraints           : NO
Cross Clock Analysis               : NO
Hierarchy Separator                : /
Bus Delimiter                      : <>
Case Specifier                     : Maintain
Slice Utilization Ratio            : 100
BRAM Utilization Ratio             : 100
Verilog 2001                       : YES
Auto BRAM Packing                  : NO
Slice Utilization Ratio Delta      : 5

=========================================================================


=========================================================================
*                          HDL Compilation                              *
=========================================================================
Compiling vhdl file "C:/arxitektonikh1/mux.vhd" in Library work.
Architecture behavioral of Entity mux is up to date.
Compiling vhdl file "C:/arxitektonikh1/flipflop.vhd" in Library work.
Architecture behavioral of Entity flipflop is up to date.
Compiling vhdl file "C:/arxitektonikh1/Reg1BitR.vhd" in Library work.
Architecture behavioral of Entity reg1bitr is up to date.
Compiling vhdl file "C:/arxitektonikh1/Reg4BitR.vhd" in Library work.
Architecture behavioral of Entity reg4bitr is up to date.
Compiling vhdl file "C:/arxitektonikh1/mux32Bit.vhd" in Library work.
Architecture behavioral of Entity mux32bit is up to date.
Compiling vhdl file "C:/arxitektonikh1/Reg32BitR.vhd" in Library work.
Architecture structural of Entity reg32bitr is up to date.
Compiling vhdl file "C:/arxitektonikh1/mux5Bit.vhd" in Library work.
Architecture behavioral of Entity mux5bit is up to date.
Compiling vhdl file "C:/arxitektonikh1/Reg5BitR.vhd" in Library work.
Architecture behavioral of Entity reg5bitr is up to date.
Compiling vhdl file "C:/arxitektonikh1/RS_reg_line.vhd" in Library work.
Entity <rs_reg_line> compiled.
Entity <RS_reg_line> (Architecture <Behavioral>) compiled.

=========================================================================
*                     Design Hierarchy Analysis                         *
=========================================================================
Analyzing hierarchy for entity <RS_reg_line> in library <work> (architecture <Behavioral>).

Analyzing hierarchy for entity <mux> in library <work> (architecture <behavioral>).

Analyzing hierarchy for entity <Reg1BitR> in library <work> (architecture <behavioral>).

Analyzing hierarchy for entity <mux32Bit> in library <work> (architecture <behavioral>).

Analyzing hierarchy for entity <Reg32BitR> in library <work> (architecture <structural>).

Analyzing hierarchy for entity <mux5Bit> in library <work> (architecture <behavioral>).

Analyzing hierarchy for entity <Reg5BitR> in library <work> (architecture <behavioral>).

Analyzing hierarchy for entity <mux> in library <work> (architecture <behavioral>).

Analyzing hierarchy for entity <flipflop> in library <work> (architecture <behavioral>).

Analyzing hierarchy for entity <Reg4BitR> in library <work> (architecture <behavioral>).

Analyzing hierarchy for entity <Reg1BitR> in library <work> (architecture <behavioral>).

Analyzing hierarchy for entity <mux> in library <work> (architecture <behavioral>).

Analyzing hierarchy for entity <flipflop> in library <work> (architecture <behavioral>).


=========================================================================
*                            HDL Analysis                               *
=========================================================================
Analyzing Entity <RS_reg_line> in library <work> (Architecture <Behavioral>).
Entity <RS_reg_line> analyzed. Unit <RS_reg_line> generated.

Analyzing Entity <mux> in library <work> (Architecture <behavioral>).
Entity <mux> analyzed. Unit <mux> generated.

Analyzing Entity <Reg1BitR> in library <work> (Architecture <behavioral>).
Entity <Reg1BitR> analyzed. Unit <Reg1BitR> generated.

Analyzing Entity <flipflop> in library <work> (Architecture <behavioral>).
Entity <flipflop> analyzed. Unit <flipflop> generated.

Analyzing Entity <mux32Bit> in library <work> (Architecture <behavioral>).
Entity <mux32Bit> analyzed. Unit <mux32Bit> generated.

Analyzing Entity <Reg32BitR> in library <work> (Architecture <structural>).
Entity <Reg32BitR> analyzed. Unit <Reg32BitR> generated.

Analyzing Entity <Reg4BitR> in library <work> (Architecture <behavioral>).
Entity <Reg4BitR> analyzed. Unit <Reg4BitR> generated.

Analyzing Entity <mux5Bit> in library <work> (Architecture <behavioral>).
Entity <mux5Bit> analyzed. Unit <mux5Bit> generated.

Analyzing Entity <Reg5BitR> in library <work> (Architecture <behavioral>).
Entity <Reg5BitR> analyzed. Unit <Reg5BitR> generated.


=========================================================================
*                           HDL Synthesis                               *
=========================================================================

Performing bidirectional port resolution...

Synthesizing Unit <mux>.
    Related source file is "C:/arxitektonikh1/mux.vhd".
Unit <mux> synthesized.


Synthesizing Unit <flipflop>.
    Related source file is "C:/arxitektonikh1/flipflop.vhd".
    Found 1-bit register for signal <q>.
    Summary:
	inferred   1 D-type flip-flop(s).
Unit <flipflop> synthesized.


Synthesizing Unit <Reg1BitR>.
    Related source file is "C:/arxitektonikh1/Reg1BitR.vhd".
Unit <Reg1BitR> synthesized.


Synthesizing Unit <mux32Bit>.
    Related source file is "C:/arxitektonikh1/mux32Bit.vhd".
Unit <mux32Bit> synthesized.


Synthesizing Unit <mux5Bit>.
    Related source file is "C:/arxitektonikh1/mux5Bit.vhd".
Unit <mux5Bit> synthesized.


Synthesizing Unit <Reg5BitR>.
    Related source file is "C:/arxitektonikh1/Reg5BitR.vhd".
Unit <Reg5BitR> synthesized.


Synthesizing Unit <Reg4BitR>.
    Related source file is "C:/arxitektonikh1/Reg4BitR.vhd".
Unit <Reg4BitR> synthesized.


Synthesizing Unit <Reg32BitR>.
    Related source file is "C:/arxitektonikh1/Reg32BitR.vhd".
Unit <Reg32BitR> synthesized.


Synthesizing Unit <RS_reg_line>.
    Related source file is "C:/arxitektonikh1/RS_reg_line.vhd".
    Found 5-bit comparator equal for signal <comparator_j$cmp_eq0000> created at line 187.
    Found 5-bit comparator equal for signal <comparator_k$cmp_eq0000> created at line 190.
    Summary:
	inferred   2 Comparator(s).
Unit <RS_reg_line> synthesized.


=========================================================================
HDL Synthesis Report

Macro Statistics
# Registers                                            : 77
 1-bit register                                        : 77
# Comparators                                          : 2
 5-bit comparator equal                                : 2

=========================================================================

=========================================================================
*                       Advanced HDL Synthesis                          *
=========================================================================


=========================================================================
Advanced HDL Synthesis Report

Macro Statistics
# Registers                                            : 77
 Flip-Flops                                            : 77
# Comparators                                          : 2
 5-bit comparator equal                                : 2

=========================================================================

=========================================================================
*                         Low Level Synthesis                           *
=========================================================================

Optimizing unit <RS_reg_line> ...

Optimizing unit <Reg32BitR> ...

Mapping all equations...
Building and optimizing final netlist ...
Found area constraint ratio of 100 (+ 5) on block RS_reg_line, actual ratio is 0.
FlipFlop busy_reg/flipflop0/q has been replicated 1 time(s) to handle iob=true attribute.

Final Macro Processing ...

=========================================================================
Final Register Report

Macro Statistics
# Registers                                            : 78
 Flip-Flops                                            : 78

=========================================================================

=========================================================================
*                           Partition Report                            *
=========================================================================

Partition Implementation Status
-------------------------------

  No Partitions were found in this design.

-------------------------------

=========================================================================
*                            Final Report                               *
=========================================================================
Final Results
RTL Top Level Output File Name     : RS_reg_line.ngr
Top Level Output File Name         : RS_reg_line
Output Format                      : NGC
Optimization Goal                  : Speed
Keep Hierarchy                     : No

Design Statistics
# IOs                              : 184

Cell Usage :
# BELS                             : 111
#      GND                         : 1
#      LUT3                        : 65
#      LUT3_D                      : 3
#      LUT3_L                      : 24
#      LUT4                        : 17
#      LUT4_D                      : 1
# FlipFlops/Latches                : 78
#      FDC                         : 35
#      FDCE                        : 43
# Clock Buffers                    : 1
#      BUFGP                       : 1
# IO Buffers                       : 183
#      IBUF                        : 116
#      OBUF                        : 67
=========================================================================

Device utilization summary:
---------------------------

Selected Device : 3s1600efg320-5 

 Number of Slices:                       58  out of  14752     0%  
 Number of Slice Flip Flops:             75  out of  29504     0%  
 Number of 4 input LUTs:                110  out of  29504     0%  
 Number of IOs:                         184
 Number of bonded IOBs:                 184  out of    250    73%  
    IOB Flip Flops:                       3
 Number of GCLKs:                         1  out of     24     4%  

---------------------------
Partition Resource Summary:
---------------------------

  No Partitions were found in this design.

---------------------------


=========================================================================
TIMING REPORT

NOTE: THESE TIMING NUMBERS ARE ONLY A SYNTHESIS ESTIMATE.
      FOR ACCURATE TIMING INFORMATION PLEASE REFER TO THE TRACE REPORT
      GENERATED AFTER PLACE-and-ROUTE.

Clock Information:
------------------
-----------------------------------+------------------------+-------+
Clock Signal                       | Clock buffer(FF name)  | Load  |
-----------------------------------+------------------------+-------+
Clk                                | BUFGP                  | 78    |
-----------------------------------+------------------------+-------+

Asynchronous Control Signals Information:
----------------------------------------
-----------------------------------+-----------------------------------+-------+
Control Signal                     | Buffer(FF name)                   | Load  |
-----------------------------------+-----------------------------------+-------+
N0(XST_GND:G)                      | NONE(Qj_reg/Reg1BitR0/flipflop0/q)| 78    |
-----------------------------------+-----------------------------------+-------+

Timing Summary:
---------------
Speed Grade: -5

   Minimum period: 5.468ns (Maximum Frequency: 182.899MHz)
   Minimum input arrival time before clock: 6.182ns
   Maximum output required time after clock: 4.063ns
   Maximum combinational path delay: No path found

Timing Detail:
--------------
All values displayed in nanoseconds (ns)

=========================================================================
Timing constraint: Default period analysis for Clock 'Clk'
  Clock period: 5.468ns (frequency: 182.899MHz)
  Total number of paths / destination ports: 863 / 113
-------------------------------------------------------------------------
Delay:               5.468ns (Levels of Logic = 4)
  Source:            Qk_reg/Reg1BitR1/flipflop0/q (FF)
  Destination:       Vk_reg/Reg4BitR7/Reg1BitR0/flipflop0/q (FF)
  Source Clock:      Clk rising
  Destination Clock: Clk rising

  Data Path: Qk_reg/Reg1BitR1/flipflop0/q to Vk_reg/Reg4BitR7/Reg1BitR0/flipflop0/q
                                Gate     Net
    Cell:in->out      fanout   Delay   Delay  Logical Name (Net Name)
    ----------------------------------------  ------------
     FDC:C->Q              2   0.514   0.410  Qk_reg/Reg1BitR1/flipflop0/q (Qk_reg/Reg1BitR1/flipflop0/q)
     LUT4:I2->O            3   0.612   0.603  comparator_k_and000026 (comparator_k_and000026)
     LUT3_D:I0->O         24   0.612   1.094  comparator_k_and000084_1 (comparator_k_and000084)
     LUT3_L:I2->LO         1   0.612   0.130  Vk_reg/Reg4BitR7/Reg1BitR2/mux0/output_SW2 (N165)
     LUT3:I2->O            1   0.612   0.000  Vk_reg/Reg4BitR7/Reg1BitR2/mux0/output (Vk_reg/Reg4BitR7/Reg1BitR2/muxOut)
     FDC:D                     0.268          Vk_reg/Reg4BitR7/Reg1BitR2/flipflop0/q
    ----------------------------------------
    Total                      5.468ns (3.230ns logic, 2.237ns route)
                                       (59.1% logic, 40.9% route)

=========================================================================
Timing constraint: Default OFFSET IN BEFORE for Clock 'Clk'
  Total number of paths / destination ports: 1048 / 121
-------------------------------------------------------------------------
Offset:              6.182ns (Levels of Logic = 5)
  Source:            CDB_Q<1> (PAD)
  Destination:       Vk_reg/Reg4BitR7/Reg1BitR0/flipflop0/q (FF)
  Destination Clock: Clk rising

  Data Path: CDB_Q<1> to Vk_reg/Reg4BitR7/Reg1BitR0/flipflop0/q
                                Gate     Net
    Cell:in->out      fanout   Delay   Delay  Logical Name (Net Name)
    ----------------------------------------  ------------
     IBUF:I->O             2   1.106   0.532  CDB_Q_1_IBUF (CDB_Q_1_IBUF)
     LUT4:I0->O            3   0.612   0.603  comparator_k_and000026 (comparator_k_and000026)
     LUT3_D:I0->O         24   0.612   1.094  comparator_k_and000084_1 (comparator_k_and000084)
     LUT3_L:I2->LO         1   0.612   0.130  Vk_reg/Reg4BitR7/Reg1BitR2/mux0/output_SW2 (N165)
     LUT3:I2->O            1   0.612   0.000  Vk_reg/Reg4BitR7/Reg1BitR2/mux0/output (Vk_reg/Reg4BitR7/Reg1BitR2/muxOut)
     FDC:D                     0.268          Vk_reg/Reg4BitR7/Reg1BitR2/flipflop0/q
    ----------------------------------------
    Total                      6.182ns (3.822ns logic, 2.359ns route)
                                       (61.8% logic, 38.2% route)

=========================================================================
Timing constraint: Default OFFSET OUT AFTER for Clock 'Clk'
  Total number of paths / destination ports: 67 / 67
-------------------------------------------------------------------------
Offset:              4.063ns (Levels of Logic = 1)
  Source:            Vk_reg/Reg4BitR7/Reg1BitR3/flipflop0/q (FF)
  Destination:       Vk_out<31> (PAD)
  Source Clock:      Clk rising

  Data Path: Vk_reg/Reg4BitR7/Reg1BitR3/flipflop0/q to Vk_out<31>
                                Gate     Net
    Cell:in->out      fanout   Delay   Delay  Logical Name (Net Name)
    ----------------------------------------  ------------
     FDC:C->Q              2   0.514   0.380  Vk_reg/Reg4BitR7/Reg1BitR3/flipflop0/q (Vk_reg/Reg4BitR7/Reg1BitR3/flipflop0/q)
     OBUF:I->O                 3.169          Vk_out_31_OBUF (Vk_out<31>)
    ----------------------------------------
    Total                      4.063ns (3.683ns logic, 0.380ns route)
                                       (90.6% logic, 9.4% route)

=========================================================================


Total REAL time to Xst completion: 8.00 secs
Total CPU time to Xst completion: 8.07 secs
 
--> 

Total memory usage is 260324 kilobytes

Number of errors   :    0 (   0 filtered)
Number of warnings :    0 (   0 filtered)
Number of infos    :    0 (   0 filtered)

