Release 13.4 - xst O.87xd (nt64)
Copyright (c) 1995-2011 Xilinx, Inc.  All rights reserved.
--> Parameter TMPDIR set to xst/projnav.tmp


Total REAL time to Xst completion: 0.00 secs
Total CPU time to Xst completion: 0.11 secs
 
--> Parameter xsthdpdir set to xst


Total REAL time to Xst completion: 0.00 secs
Total CPU time to Xst completion: 0.11 secs
 
--> Reading design: FU_logical.prj

TABLE OF CONTENTS
  1) Synthesis Options Summary
  2) HDL Compilation
  3) Design Hierarchy Analysis
  4) HDL Analysis
  5) HDL Synthesis
     5.1) HDL Synthesis Report
  6) Advanced HDL Synthesis
     6.1) Advanced HDL Synthesis Report
  7) Low Level Synthesis
  8) Partition Report
  9) Final Report
	9.1) Device utilization summary
	9.2) Partition Resource Summary
	9.3) TIMING REPORT


=========================================================================
*                      Synthesis Options Summary                        *
=========================================================================
---- Source Parameters
Input File Name                    : "FU_logical.prj"
Input Format                       : mixed
Ignore Synthesis Constraint File   : NO

---- Target Parameters
Output File Name                   : "FU_logical"
Output Format                      : NGC
Target Device                      : xc3s1600e-5-fg320

---- Source Options
Top Module Name                    : FU_logical
Automatic FSM Extraction           : YES
FSM Encoding Algorithm             : Auto
Safe Implementation                : No
FSM Style                          : LUT
RAM Extraction                     : Yes
RAM Style                          : Auto
ROM Extraction                     : Yes
Mux Style                          : Auto
Decoder Extraction                 : YES
Priority Encoder Extraction        : Yes
Shift Register Extraction          : YES
Logical Shifter Extraction         : YES
XOR Collapsing                     : YES
ROM Style                          : Auto
Mux Extraction                     : Yes
Resource Sharing                   : YES
Asynchronous To Synchronous        : NO
Multiplier Style                   : Auto
Automatic Register Balancing       : No

---- Target Options
Add IO Buffers                     : YES
Global Maximum Fanout              : 100000
Add Generic Clock Buffer(BUFG)     : 24
Register Duplication               : YES
Slice Packing                      : YES
Optimize Instantiated Primitives   : NO
Use Clock Enable                   : Yes
Use Synchronous Set                : Yes
Use Synchronous Reset              : Yes
Pack IO Registers into IOBs        : Auto
Equivalent register Removal        : YES

---- General Options
Optimization Goal                  : Speed
Optimization Effort                : 1
Keep Hierarchy                     : No
Netlist Hierarchy                  : As_Optimized
RTL Output                         : Yes
Global Optimization                : AllClockNets
Read Cores                         : YES
Write Timing Constraints           : NO
Cross Clock Analysis               : NO
Hierarchy Separator                : /
Bus Delimiter                      : <>
Case Specifier                     : Maintain
Slice Utilization Ratio            : 100
BRAM Utilization Ratio             : 100
Verilog 2001                       : YES
Auto BRAM Packing                  : NO
Slice Utilization Ratio Delta      : 5

=========================================================================


=========================================================================
*                          HDL Compilation                              *
=========================================================================
Compiling vhdl file "C:/arxitektonikh1/mux.vhd" in Library work.
Architecture behavioral of Entity mux is up to date.
Compiling vhdl file "C:/arxitektonikh1/flipflop.vhd" in Library work.
Architecture behavioral of Entity flipflop is up to date.
Compiling vhdl file "C:/arxitektonikh1/Reg1BitR.vhd" in Library work.
Architecture behavioral of Entity reg1bitr is up to date.
Compiling vhdl file "C:/arxitektonikh1/Reg4BitR.vhd" in Library work.
Architecture behavioral of Entity reg4bitr is up to date.
Compiling vhdl file "C:/arxitektonikh1/Reg32BitR.vhd" in Library work.
Architecture structural of Entity reg32bitr is up to date.
Compiling vhdl file "C:/arxitektonikh1/Reg2BitR.vhd" in Library work.
Architecture behavioral of Entity reg2bitr is up to date.
Compiling vhdl file "C:/arxitektonikh1/Reg5BitR.vhd" in Library work.
Architecture behavioral of Entity reg5bitr is up to date.
Compiling vhdl file "C:/arxitektonikh1/logical_unit.vhd" in Library work.
Architecture behavioral of Entity logical_unit is up to date.
Compiling vhdl file "C:/arxitektonikh1/FU_logical_control.vhd" in Library work.
Architecture behavioral of Entity fu_logical_control is up to date.
Compiling vhdl file "C:/arxitektonikh1/FU_logical.vhd" in Library work.
Entity <fu_logical> compiled.
Entity <fu_logical> (Architecture <behavioral>) compiled.

=========================================================================
*                     Design Hierarchy Analysis                         *
=========================================================================
Analyzing hierarchy for entity <FU_logical> in library <work> (architecture <behavioral>).

Analyzing hierarchy for entity <Reg32BitR> in library <work> (architecture <structural>).

Analyzing hierarchy for entity <Reg2BitR> in library <work> (architecture <behavioral>).

Analyzing hierarchy for entity <Reg5BitR> in library <work> (architecture <behavioral>).

Analyzing hierarchy for entity <logical_unit> in library <work> (architecture <behavioral>).

Analyzing hierarchy for entity <FU_logical_control> in library <work> (architecture <behavioral>).

Analyzing hierarchy for entity <Reg4BitR> in library <work> (architecture <behavioral>).

Analyzing hierarchy for entity <Reg1BitR> in library <work> (architecture <behavioral>).

Analyzing hierarchy for entity <mux> in library <work> (architecture <behavioral>).

Analyzing hierarchy for entity <flipflop> in library <work> (architecture <behavioral>).


=========================================================================
*                            HDL Analysis                               *
=========================================================================
Analyzing Entity <FU_logical> in library <work> (Architecture <behavioral>).
Entity <FU_logical> analyzed. Unit <FU_logical> generated.

Analyzing Entity <Reg32BitR> in library <work> (Architecture <structural>).
Entity <Reg32BitR> analyzed. Unit <Reg32BitR> generated.

Analyzing Entity <Reg4BitR> in library <work> (Architecture <behavioral>).
Entity <Reg4BitR> analyzed. Unit <Reg4BitR> generated.

Analyzing Entity <Reg1BitR> in library <work> (Architecture <behavioral>).
Entity <Reg1BitR> analyzed. Unit <Reg1BitR> generated.

Analyzing Entity <mux> in library <work> (Architecture <behavioral>).
Entity <mux> analyzed. Unit <mux> generated.

Analyzing Entity <flipflop> in library <work> (Architecture <behavioral>).
Entity <flipflop> analyzed. Unit <flipflop> generated.

Analyzing Entity <Reg2BitR> in library <work> (Architecture <behavioral>).
Entity <Reg2BitR> analyzed. Unit <Reg2BitR> generated.

Analyzing Entity <Reg5BitR> in library <work> (Architecture <behavioral>).
Entity <Reg5BitR> analyzed. Unit <Reg5BitR> generated.

Analyzing Entity <logical_unit> in library <work> (Architecture <behavioral>).
Entity <logical_unit> analyzed. Unit <logical_unit> generated.

Analyzing Entity <FU_logical_control> in library <work> (Architecture <behavioral>).
Entity <FU_logical_control> analyzed. Unit <FU_logical_control> generated.


=========================================================================
*                           HDL Synthesis                               *
=========================================================================

Performing bidirectional port resolution...

Synthesizing Unit <logical_unit>.
    Related source file is "C:/arxitektonikh1/logical_unit.vhd".
    Found 32-bit 4-to-1 multiplexer for signal <Vout>.
    Summary:
	inferred  32 Multiplexer(s).
Unit <logical_unit> synthesized.


Synthesizing Unit <FU_logical_control>.
    Related source file is "C:/arxitektonikh1/FU_logical_control.vhd".
Unit <FU_logical_control> synthesized.


Synthesizing Unit <mux>.
    Related source file is "C:/arxitektonikh1/mux.vhd".
Unit <mux> synthesized.


Synthesizing Unit <flipflop>.
    Related source file is "C:/arxitektonikh1/flipflop.vhd".
    Found 1-bit register for signal <q>.
    Summary:
	inferred   1 D-type flip-flop(s).
Unit <flipflop> synthesized.


Synthesizing Unit <Reg1BitR>.
    Related source file is "C:/arxitektonikh1/Reg1BitR.vhd".
Unit <Reg1BitR> synthesized.


Synthesizing Unit <Reg2BitR>.
    Related source file is "C:/arxitektonikh1/Reg2BitR.vhd".
Unit <Reg2BitR> synthesized.


Synthesizing Unit <Reg5BitR>.
    Related source file is "C:/arxitektonikh1/Reg5BitR.vhd".
Unit <Reg5BitR> synthesized.


Synthesizing Unit <Reg4BitR>.
    Related source file is "C:/arxitektonikh1/Reg4BitR.vhd".
Unit <Reg4BitR> synthesized.


Synthesizing Unit <Reg32BitR>.
    Related source file is "C:/arxitektonikh1/Reg32BitR.vhd".
Unit <Reg32BitR> synthesized.


Synthesizing Unit <FU_logical>.
    Related source file is "C:/arxitektonikh1/FU_logical.vhd".
Unit <FU_logical> synthesized.


=========================================================================
HDL Synthesis Report

Macro Statistics
# Registers                                            : 108
 1-bit register                                        : 108
# Multiplexers                                         : 1
 32-bit 4-to-1 multiplexer                             : 1

=========================================================================

=========================================================================
*                       Advanced HDL Synthesis                          *
=========================================================================


=========================================================================
Advanced HDL Synthesis Report

Macro Statistics
# Registers                                            : 108
 Flip-Flops                                            : 108
# Multiplexers                                         : 1
 32-bit 4-to-1 multiplexer                             : 1

=========================================================================

=========================================================================
*                         Low Level Synthesis                           *
=========================================================================

Optimizing unit <FU_logical> ...

Optimizing unit <logical_unit> ...

Optimizing unit <Reg32BitR> ...

Mapping all equations...
Building and optimizing final netlist ...
Found area constraint ratio of 100 (+ 5) on block FU_logical, actual ratio is 0.

Final Macro Processing ...

=========================================================================
Final Register Report

Macro Statistics
# Registers                                            : 108
 Flip-Flops                                            : 108

=========================================================================

=========================================================================
*                           Partition Report                            *
=========================================================================

Partition Implementation Status
-------------------------------

  No Partitions were found in this design.

-------------------------------

=========================================================================
*                            Final Report                               *
=========================================================================
Final Results
RTL Top Level Output File Name     : FU_logical.ngr
Top Level Output File Name         : FU_logical
Output Format                      : NGC
Optimization Goal                  : Speed
Keep Hierarchy                     : No

Design Statistics
# IOs                              : 112

Cell Usage :
# BELS                             : 38
#      GND                         : 1
#      LUT3_L                      : 1
#      LUT4                        : 34
#      MUXF5                       : 1
#      VCC                         : 1
# FlipFlops/Latches                : 108
#      FDC                         : 37
#      FDCE                        : 71
# Clock Buffers                    : 1
#      BUFGP                       : 1
# IO Buffers                       : 111
#      IBUF                        : 72
#      OBUF                        : 39
=========================================================================

Device utilization summary:
---------------------------

Selected Device : 3s1600efg320-5 

 Number of Slices:                       64  out of  14752     0%  
 Number of Slice Flip Flops:            108  out of  29504     0%  
 Number of 4 input LUTs:                 35  out of  29504     0%  
 Number of IOs:                         112
 Number of bonded IOBs:                 112  out of    250    44%  
 Number of GCLKs:                         1  out of     24     4%  

---------------------------
Partition Resource Summary:
---------------------------

  No Partitions were found in this design.

---------------------------


=========================================================================
TIMING REPORT

NOTE: THESE TIMING NUMBERS ARE ONLY A SYNTHESIS ESTIMATE.
      FOR ACCURATE TIMING INFORMATION PLEASE REFER TO THE TRACE REPORT
      GENERATED AFTER PLACE-and-ROUTE.

Clock Information:
------------------
-----------------------------------+------------------------+-------+
Clock Signal                       | Clock buffer(FF name)  | Load  |
-----------------------------------+------------------------+-------+
Clk                                | BUFGP                  | 108   |
-----------------------------------+------------------------+-------+

Asynchronous Control Signals Information:
----------------------------------------
-----------------------------------+-------------------------------------------------+-------+
Control Signal                     | Buffer(FF name)                                 | Load  |
-----------------------------------+-------------------------------------------------+-------+
N0(XST_GND:G)                      | NONE(Result_reg/Reg4BitR0/Reg1BitR0/flipflop0/q)| 108   |
-----------------------------------+-------------------------------------------------+-------+

Timing Summary:
---------------
Speed Grade: -5

   Minimum period: 4.011ns (Maximum Frequency: 249.317MHz)
   Minimum input arrival time before clock: 3.794ns
   Maximum output required time after clock: 6.697ns
   Maximum combinational path delay: 6.480ns

Timing Detail:
--------------
All values displayed in nanoseconds (ns)

=========================================================================
Timing constraint: Default period analysis for Clock 'Clk'
  Clock period: 4.011ns (frequency: 249.317MHz)
  Total number of paths / destination ports: 488 / 108
-------------------------------------------------------------------------
Delay:               4.011ns (Levels of Logic = 2)
  Source:            tag_reg/Reg1BitR3/flipflop0/q (FF)
  Destination:       op_reg/Reg1BitR1/flipflop0/q (FF)
  Source Clock:      Clk rising
  Destination Clock: Clk rising

  Data Path: tag_reg/Reg1BitR3/flipflop0/q to op_reg/Reg1BitR1/flipflop0/q
                                Gate     Net
    Cell:in->out      fanout   Delay   Delay  Logical Name (Net Name)
    ----------------------------------------  ------------
     FDCE:C->Q             3   0.514   0.603  tag_reg/Reg1BitR3/flipflop0/q (tag_reg/Reg1BitR3/flipflop0/q)
     LUT3_L:I0->LO         1   0.612   0.103  control/stage1_enable_SW0 (N2)
     LUT4:I3->O           72   0.612   1.084  control/stage1_enable (ready_OBUF)
     FDCE:CE                   0.483          op_reg/Reg1BitR1/flipflop0/q
    ----------------------------------------
    Total                      4.011ns (2.221ns logic, 1.790ns route)
                                       (55.4% logic, 44.6% route)

=========================================================================
Timing constraint: Default OFFSET IN BEFORE for Clock 'Clk'
  Total number of paths / destination ports: 142 / 142
-------------------------------------------------------------------------
Offset:              3.794ns (Levels of Logic = 2)
  Source:            grant (PAD)
  Destination:       op_reg/Reg1BitR1/flipflop0/q (FF)
  Destination Clock: Clk rising

  Data Path: grant to op_reg/Reg1BitR1/flipflop0/q
                                Gate     Net
    Cell:in->out      fanout   Delay   Delay  Logical Name (Net Name)
    ----------------------------------------  ------------
     IBUF:I->O             1   1.106   0.509  grant_IBUF (grant_IBUF)
     LUT4:I0->O           72   0.612   1.084  control/stage1_enable (ready_OBUF)
     FDCE:CE                   0.483          op_reg/Reg1BitR1/flipflop0/q
    ----------------------------------------
    Total                      3.794ns (2.201ns logic, 1.593ns route)
                                       (58.0% logic, 42.0% route)

=========================================================================
Timing constraint: Default OFFSET OUT AFTER for Clock 'Clk'
  Total number of paths / destination ports: 47 / 39
-------------------------------------------------------------------------
Offset:              6.697ns (Levels of Logic = 3)
  Source:            tag_reg/Reg1BitR3/flipflop0/q (FF)
  Destination:       ready (PAD)
  Source Clock:      Clk rising

  Data Path: tag_reg/Reg1BitR3/flipflop0/q to ready
                                Gate     Net
    Cell:in->out      fanout   Delay   Delay  Logical Name (Net Name)
    ----------------------------------------  ------------
     FDCE:C->Q             3   0.514   0.603  tag_reg/Reg1BitR3/flipflop0/q (tag_reg/Reg1BitR3/flipflop0/q)
     LUT3_L:I0->LO         1   0.612   0.103  control/stage1_enable_SW0 (N2)
     LUT4:I3->O           72   0.612   1.084  control/stage1_enable (ready_OBUF)
     OBUF:I->O                 3.169          ready_OBUF (ready)
    ----------------------------------------
    Total                      6.697ns (4.907ns logic, 1.790ns route)
                                       (73.3% logic, 26.7% route)

=========================================================================
Timing constraint: Default path analysis
  Total number of paths / destination ports: 1 / 1
-------------------------------------------------------------------------
Delay:               6.480ns (Levels of Logic = 3)
  Source:            grant (PAD)
  Destination:       ready (PAD)

  Data Path: grant to ready
                                Gate     Net
    Cell:in->out      fanout   Delay   Delay  Logical Name (Net Name)
    ----------------------------------------  ------------
     IBUF:I->O             1   1.106   0.509  grant_IBUF (grant_IBUF)
     LUT4:I0->O           72   0.612   1.084  control/stage1_enable (ready_OBUF)
     OBUF:I->O                 3.169          ready_OBUF (ready)
    ----------------------------------------
    Total                      6.480ns (4.887ns logic, 1.593ns route)
                                       (75.4% logic, 24.6% route)

=========================================================================


Total REAL time to Xst completion: 7.00 secs
Total CPU time to Xst completion: 7.62 secs
 
--> 

Total memory usage is 260068 kilobytes

Number of errors   :    0 (   0 filtered)
Number of warnings :    0 (   0 filtered)
Number of infos    :    0 (   0 filtered)

