Release 13.4 - xst O.87xd (nt64)
Copyright (c) 1995-2011 Xilinx, Inc.  All rights reserved.
--> Parameter TMPDIR set to xst/projnav.tmp


Total REAL time to Xst completion: 0.00 secs
Total CPU time to Xst completion: 0.14 secs
 
--> Parameter xsthdpdir set to xst


Total REAL time to Xst completion: 0.00 secs
Total CPU time to Xst completion: 0.14 secs
 
--> Reading design: V_block.prj

TABLE OF CONTENTS
  1) Synthesis Options Summary
  2) HDL Compilation
  3) Design Hierarchy Analysis
  4) HDL Analysis
  5) HDL Synthesis
     5.1) HDL Synthesis Report
  6) Advanced HDL Synthesis
     6.1) Advanced HDL Synthesis Report
  7) Low Level Synthesis
  8) Partition Report
  9) Final Report
	9.1) Device utilization summary
	9.2) Partition Resource Summary
	9.3) TIMING REPORT


=========================================================================
*                      Synthesis Options Summary                        *
=========================================================================
---- Source Parameters
Input File Name                    : "V_block.prj"
Input Format                       : mixed
Ignore Synthesis Constraint File   : NO

---- Target Parameters
Output File Name                   : "V_block"
Output Format                      : NGC
Target Device                      : xc3s1600e-5-fg320

---- Source Options
Top Module Name                    : V_block
Automatic FSM Extraction           : YES
FSM Encoding Algorithm             : Auto
Safe Implementation                : No
FSM Style                          : LUT
RAM Extraction                     : Yes
RAM Style                          : Auto
ROM Extraction                     : Yes
Mux Style                          : Auto
Decoder Extraction                 : YES
Priority Encoder Extraction        : Yes
Shift Register Extraction          : YES
Logical Shifter Extraction         : YES
XOR Collapsing                     : YES
ROM Style                          : Auto
Mux Extraction                     : Yes
Resource Sharing                   : YES
Asynchronous To Synchronous        : NO
Multiplier Style                   : Auto
Automatic Register Balancing       : No

---- Target Options
Add IO Buffers                     : YES
Global Maximum Fanout              : 100000
Add Generic Clock Buffer(BUFG)     : 24
Register Duplication               : YES
Slice Packing                      : YES
Optimize Instantiated Primitives   : NO
Use Clock Enable                   : Yes
Use Synchronous Set                : Yes
Use Synchronous Reset              : Yes
Pack IO Registers into IOBs        : Auto
Equivalent register Removal        : YES

---- General Options
Optimization Goal                  : Speed
Optimization Effort                : 1
Keep Hierarchy                     : No
Netlist Hierarchy                  : As_Optimized
RTL Output                         : Yes
Global Optimization                : AllClockNets
Read Cores                         : YES
Write Timing Constraints           : NO
Cross Clock Analysis               : NO
Hierarchy Separator                : /
Bus Delimiter                      : <>
Case Specifier                     : Maintain
Slice Utilization Ratio            : 100
BRAM Utilization Ratio             : 100
Verilog 2001                       : YES
Auto BRAM Packing                  : NO
Slice Utilization Ratio Delta      : 5

=========================================================================


=========================================================================
*                          HDL Compilation                              *
=========================================================================
Compiling vhdl file "C:/arxitektonikh1/mux32Bit.vhd" in Library work.
Architecture behavioral of Entity mux32bit is up to date.
Compiling vhdl file "C:/arxitektonikh1/mux4to1_32Bit.vhd" in Library work.
Architecture behavioral of Entity mux4to1_32bit is up to date.
Compiling vhdl file "C:/arxitektonikh1/flipflop.vhd" in Library work.
Architecture behavioral of Entity flipflop is up to date.
Compiling vhdl file "C:/arxitektonikh1/mux8to1_32Bit.vhd" in Library work.
Architecture behavioral of Entity mux8to1_32bit is up to date.
Compiling vhdl file "C:/arxitektonikh1/Reg1BitR.vhd" in Library work.
Architecture behavioral of Entity reg1bitr is up to date.
Compiling vhdl file "C:/arxitektonikh1/mux16to1_32Bit.vhd" in Library work.
Architecture behavioral of Entity mux16to1_32bit is up to date.
Compiling vhdl file "C:/arxitektonikh1/Reg4BitR.vhd" in Library work.
Architecture behavioral of Entity reg4bitr is up to date.
Compiling vhdl file "C:/arxitektonikh1/Reg32BitR.vhd" in Library work.
Architecture structural of Entity reg32bitr is up to date.
Compiling vhdl file "C:/arxitektonikh1/mux32to1_32Bit.vhd" in Library work.
Architecture behavioral of Entity mux32to1_32bit is up to date.
Compiling vhdl file "C:/arxitektonikh1/V_block.vhd" in Library work.
Entity <v_block> compiled.
Entity <v_block> (Architecture <behavioral>) compiled.

=========================================================================
*                     Design Hierarchy Analysis                         *
=========================================================================
Analyzing hierarchy for entity <V_block> in library <work> (architecture <behavioral>).

Analyzing hierarchy for entity <Reg32BitR> in library <work> (architecture <structural>).

Analyzing hierarchy for entity <mux32Bit> in library <work> (architecture <behavioral>).

Analyzing hierarchy for entity <mux32to1_32Bit> in library <work> (architecture <behavioral>).

Analyzing hierarchy for entity <Reg4BitR> in library <work> (architecture <behavioral>).

Analyzing hierarchy for entity <mux> in library <work> (architecture <behavioral>).

Analyzing hierarchy for entity <mux16to1_32Bit> in library <work> (architecture <behavioral>).

Analyzing hierarchy for entity <mux32Bit> in library <work> (architecture <behavioral>).

Analyzing hierarchy for entity <Reg1BitR> in library <work> (architecture <behavioral>).

Analyzing hierarchy for entity <mux8to1_32Bit> in library <work> (architecture <behavioral>).

Analyzing hierarchy for entity <mux32Bit> in library <work> (architecture <behavioral>).

Analyzing hierarchy for entity <mux> in library <work> (architecture <behavioral>).

Analyzing hierarchy for entity <flipflop> in library <work> (architecture <behavioral>).

Analyzing hierarchy for entity <mux4to1_32Bit> in library <work> (architecture <behavioral>).

Analyzing hierarchy for entity <mux32Bit> in library <work> (architecture <behavioral>).

Analyzing hierarchy for entity <mux> in library <work> (architecture <behavioral>).


=========================================================================
*                            HDL Analysis                               *
=========================================================================
Analyzing Entity <V_block> in library <work> (Architecture <behavioral>).
Entity <V_block> analyzed. Unit <V_block> generated.

Analyzing Entity <Reg32BitR> in library <work> (Architecture <structural>).
Entity <Reg32BitR> analyzed. Unit <Reg32BitR> generated.

Analyzing Entity <Reg4BitR> in library <work> (Architecture <behavioral>).
Entity <Reg4BitR> analyzed. Unit <Reg4BitR> generated.

Analyzing Entity <Reg1BitR> in library <work> (Architecture <behavioral>).
Entity <Reg1BitR> analyzed. Unit <Reg1BitR> generated.

Analyzing Entity <mux> in library <work> (Architecture <behavioral>).
Entity <mux> analyzed. Unit <mux> generated.

Analyzing Entity <flipflop> in library <work> (Architecture <behavioral>).
Entity <flipflop> analyzed. Unit <flipflop> generated.

Analyzing Entity <mux32Bit> in library <work> (Architecture <behavioral>).
Entity <mux32Bit> analyzed. Unit <mux32Bit> generated.

Analyzing Entity <mux32to1_32Bit> in library <work> (Architecture <behavioral>).
Entity <mux32to1_32Bit> analyzed. Unit <mux32to1_32Bit> generated.

Analyzing Entity <mux16to1_32Bit> in library <work> (Architecture <behavioral>).
Entity <mux16to1_32Bit> analyzed. Unit <mux16to1_32Bit> generated.

Analyzing Entity <mux8to1_32Bit> in library <work> (Architecture <behavioral>).
Entity <mux8to1_32Bit> analyzed. Unit <mux8to1_32Bit> generated.

Analyzing Entity <mux4to1_32Bit> in library <work> (Architecture <behavioral>).
Entity <mux4to1_32Bit> analyzed. Unit <mux4to1_32Bit> generated.


=========================================================================
*                           HDL Synthesis                               *
=========================================================================

Performing bidirectional port resolution...

Synthesizing Unit <mux>.
    Related source file is "C:/arxitektonikh1/mux.vhd".
Unit <mux> synthesized.


Synthesizing Unit <flipflop>.
    Related source file is "C:/arxitektonikh1/flipflop.vhd".
    Found 1-bit register for signal <q>.
    Summary:
	inferred   1 D-type flip-flop(s).
Unit <flipflop> synthesized.


Synthesizing Unit <mux32Bit>.
    Related source file is "C:/arxitektonikh1/mux32Bit.vhd".
Unit <mux32Bit> synthesized.


Synthesizing Unit <Reg1BitR>.
    Related source file is "C:/arxitektonikh1/Reg1BitR.vhd".
Unit <Reg1BitR> synthesized.


Synthesizing Unit <Reg4BitR>.
    Related source file is "C:/arxitektonikh1/Reg4BitR.vhd".
Unit <Reg4BitR> synthesized.


Synthesizing Unit <mux4to1_32Bit>.
    Related source file is "C:/arxitektonikh1/mux4to1_32Bit.vhd".
Unit <mux4to1_32Bit> synthesized.


Synthesizing Unit <Reg32BitR>.
    Related source file is "C:/arxitektonikh1/Reg32BitR.vhd".
Unit <Reg32BitR> synthesized.


Synthesizing Unit <mux8to1_32Bit>.
    Related source file is "C:/arxitektonikh1/mux8to1_32Bit.vhd".
Unit <mux8to1_32Bit> synthesized.


Synthesizing Unit <mux16to1_32Bit>.
    Related source file is "C:/arxitektonikh1/mux16to1_32Bit.vhd".
Unit <mux16to1_32Bit> synthesized.


Synthesizing Unit <mux32to1_32Bit>.
    Related source file is "C:/arxitektonikh1/mux32to1_32Bit.vhd".
Unit <mux32to1_32Bit> synthesized.


Synthesizing Unit <V_block>.
    Related source file is "C:/arxitektonikh1/V_block.vhd".
Unit <V_block> synthesized.


=========================================================================
HDL Synthesis Report

Macro Statistics
# Registers                                            : 1024
 1-bit register                                        : 1024

=========================================================================

=========================================================================
*                       Advanced HDL Synthesis                          *
=========================================================================


=========================================================================
Advanced HDL Synthesis Report

Macro Statistics
# Registers                                            : 1024
 Flip-Flops                                            : 1024

=========================================================================

=========================================================================
*                         Low Level Synthesis                           *
=========================================================================

Optimizing unit <V_block> ...

Mapping all equations...
Building and optimizing final netlist ...
Found area constraint ratio of 100 (+ 5) on block V_block, actual ratio is 10.

Final Macro Processing ...

=========================================================================
Final Register Report

Macro Statistics
# Registers                                            : 1024
 Flip-Flops                                            : 1024

=========================================================================

=========================================================================
*                           Partition Report                            *
=========================================================================

Partition Implementation Status
-------------------------------

  No Partitions were found in this design.

-------------------------------

=========================================================================
*                            Final Report                               *
=========================================================================
Final Results
RTL Top Level Output File Name     : V_block.ngr
Top Level Output File Name         : V_block
Output Format                      : NGC
Optimization Goal                  : Speed
Keep Hierarchy                     : No

Design Statistics
# IOs                              : 139

Cell Usage :
# BELS                             : 2817
#      GND                         : 1
#      LUT3                        : 1216
#      LUT4                        : 1088
#      MUXF5                       : 512
# FlipFlops/Latches                : 1024
#      FDCE                        : 1024
# Clock Buffers                    : 1
#      BUFGP                       : 1
# IO Buffers                       : 138
#      IBUF                        : 74
#      OBUF                        : 64
=========================================================================

Device utilization summary:
---------------------------

Selected Device : 3s1600efg320-5 

 Number of Slices:                     1248  out of  14752     8%  
 Number of Slice Flip Flops:           1024  out of  29504     3%  
 Number of 4 input LUTs:               2304  out of  29504     7%  
 Number of IOs:                         139
 Number of bonded IOBs:                 139  out of    250    55%  
 Number of GCLKs:                         1  out of     24     4%  

---------------------------
Partition Resource Summary:
---------------------------

  No Partitions were found in this design.

---------------------------


=========================================================================
TIMING REPORT

NOTE: THESE TIMING NUMBERS ARE ONLY A SYNTHESIS ESTIMATE.
      FOR ACCURATE TIMING INFORMATION PLEASE REFER TO THE TRACE REPORT
      GENERATED AFTER PLACE-and-ROUTE.

Clock Information:
------------------
-----------------------------------+------------------------+-------+
Clock Signal                       | Clock buffer(FF name)  | Load  |
-----------------------------------+------------------------+-------+
Clk                                | BUFGP                  | 1024  |
-----------------------------------+------------------------+-------+

Asynchronous Control Signals Information:
----------------------------------------
-----------------------------------+--------------------------------------------------+-------+
Control Signal                     | Buffer(FF name)                                  | Load  |
-----------------------------------+--------------------------------------------------+-------+
N0(XST_GND:G)                      | NONE(GEN[0].Vreg/Reg4BitR0/Reg1BitR0/flipflop0/q)| 1024  |
-----------------------------------+--------------------------------------------------+-------+

Timing Summary:
---------------
Speed Grade: -5

   Minimum period: No path found
   Minimum input arrival time before clock: 2.670ns
   Maximum output required time after clock: 8.693ns
   Maximum combinational path delay: 10.092ns

Timing Detail:
--------------
All values displayed in nanoseconds (ns)

=========================================================================
Timing constraint: Default OFFSET IN BEFORE for Clock 'Clk'
  Total number of paths / destination ports: 2048 / 2048
-------------------------------------------------------------------------
Offset:              2.670ns (Levels of Logic = 1)
  Source:            V_WrEn<31> (PAD)
  Destination:       GEN[31].Vreg/Reg4BitR7/Reg1BitR0/flipflop0/q (FF)
  Destination Clock: Clk rising

  Data Path: V_WrEn<31> to GEN[31].Vreg/Reg4BitR7/Reg1BitR0/flipflop0/q
                                Gate     Net
    Cell:in->out      fanout   Delay   Delay  Logical Name (Net Name)
    ----------------------------------------  ------------
     IBUF:I->O            64   1.106   1.081  V_WrEn_31_IBUF (V_WrEn_31_IBUF)
     FDCE:CE                   0.483          GEN[31].Vreg/Reg4BitR7/Reg1BitR0/flipflop0/q
    ----------------------------------------
    Total                      2.670ns (1.589ns logic, 1.081ns route)
                                       (59.5% logic, 40.5% route)

=========================================================================
Timing constraint: Default OFFSET OUT AFTER for Clock 'Clk'
  Total number of paths / destination ports: 2048 / 64
-------------------------------------------------------------------------
Offset:              8.693ns (Levels of Logic = 7)
  Source:            GEN[16].Vreg/Reg4BitR7/Reg1BitR3/flipflop0/q (FF)
  Destination:       Vj<31> (PAD)
  Source Clock:      Clk rising

  Data Path: GEN[16].Vreg/Reg4BitR7/Reg1BitR3/flipflop0/q to Vj<31>
                                Gate     Net
    Cell:in->out      fanout   Delay   Delay  Logical Name (Net Name)
    ----------------------------------------  ------------
     FDCE:C->Q             1   0.514   0.426  GEN[16].Vreg/Reg4BitR7/Reg1BitR3/flipflop0/q (GEN[16].Vreg/Reg4BitR7/Reg1BitR3/flipflop0/q)
     LUT3:I1->O            2   0.612   0.410  GEN[16].Vreg/Reg4BitR7/Reg1BitR3/muxOut1 (GEN[16].Vreg/Reg4BitR7/Reg1BitR3/muxOut)
     LUT4:I2->O            1   0.612   0.000  muxk/mux32Bit0/mux31/output232_F (N102)
     MUXF5:I0->O           1   0.278   0.426  muxk/mux32Bit0/mux31/output232 (muxk/mux32Bit0/mux31/output232)
     LUT3:I1->O            1   0.612   0.387  muxk/mux32Bit0/mux31/output261 (muxk/mux32Bit0/mux31/output261)
     LUT4:I2->O            1   0.612   0.000  muxk/mux32Bit0/mux31/output610_G (N1111)
     MUXF5:I1->O           1   0.278   0.357  muxk/mux32Bit0/mux31/output610 (Vk_31_OBUF)
     OBUF:I->O                 3.169          Vk_31_OBUF (Vk<31>)
    ----------------------------------------
    Total                      8.693ns (6.687ns logic, 2.006ns route)
                                       (76.9% logic, 23.1% route)

=========================================================================
Timing constraint: Default path analysis
  Total number of paths / destination ports: 6784 / 64
-------------------------------------------------------------------------
Delay:               10.092ns (Levels of Logic = 8)
  Source:            V_WrEn<16> (PAD)
  Destination:       Vj<31> (PAD)

  Data Path: V_WrEn<16> to Vj<31>
                                Gate     Net
    Cell:in->out      fanout   Delay   Delay  Logical Name (Net Name)
    ----------------------------------------  ------------
     IBUF:I->O            64   1.106   1.233  V_WrEn_16_IBUF (V_WrEn_16_IBUF)
     LUT3:I0->O            2   0.612   0.410  GEN[16].Vreg/Reg4BitR7/Reg1BitR3/muxOut1 (GEN[16].Vreg/Reg4BitR7/Reg1BitR3/muxOut)
     LUT4:I2->O            1   0.612   0.000  muxk/mux32Bit0/mux31/output232_F (N102)
     MUXF5:I0->O           1   0.278   0.426  muxk/mux32Bit0/mux31/output232 (muxk/mux32Bit0/mux31/output232)
     LUT3:I1->O            1   0.612   0.387  muxk/mux32Bit0/mux31/output261 (muxk/mux32Bit0/mux31/output261)
     LUT4:I2->O            1   0.612   0.000  muxk/mux32Bit0/mux31/output610_G (N1111)
     MUXF5:I1->O           1   0.278   0.357  muxk/mux32Bit0/mux31/output610 (Vk_31_OBUF)
     OBUF:I->O                 3.169          Vk_31_OBUF (Vk<31>)
    ----------------------------------------
    Total                     10.092ns (7.279ns logic, 2.813ns route)
                                       (72.1% logic, 27.9% route)

=========================================================================


Total REAL time to Xst completion: 35.00 secs
Total CPU time to Xst completion: 34.62 secs
 
--> 

Total memory usage is 441444 kilobytes

Number of errors   :    0 (   0 filtered)
Number of warnings :    0 (   0 filtered)
Number of infos    :    0 (   0 filtered)

